[0,1] registered with the network
[1,1] registered with the network
[2,1] registered with the network
[3,1] registered with the network
[4,1] registered with the network
[Simulator,1] sim4da Summer 2026 - simulation started.
[0,2] sending to 1
[1,2] received from 0
[1,3] sending to 2
[2,2] received from 1
[2,3] sending to 3
[3,2] received from 2
[3,3] broadcasting
[0,3] received from 3
[3,4] sending to 4
[1,4] received from 3
[2,4] received from 3
[4,2] received from 3
[4,3] received from 3
[4,4] broadcasting
[4,5] sending to 0
[3,5] received from 4
[0,4] received from 4
[1,5] received from 4
[2,5] received from 4
[0,5] received from 4
[0,6] broadcasting
[1,6] received from 0
[2,6] received from 0
[0,7] sending to 1
[3,6] received from 0
[4,6] received from 0
[1,7] received from 0
[1,8] sending to 2
[2,7] received from 1
[2,8] broadcasting
[2,9] sending to 3
[0,8] received from 2
[4,7] received from 2
[1,9] received from 2
[3,7] received from 2
[3,8] received from 2
[3,9] sending to 4
[4,8] received from 3
[4,9] sending to 0
[0,9] received from 4
[0,10] sending to 1
[1,10] received from 0
[1,11] broadcasting
[1,12] sending to 2
[2,10] received from 1
[0,11] received from 1
[2,11] received from 1
[3,10] received from 1
[4,10] received from 1
[2,12] sending to 3
[3,11] received from 2
[3,12] sending to 4
[4,11] received from 3
[4,12] sending to 0
[0,12] received from 4
[0,13] sending to 1
[1,13] received from 0
[1,14] sending to 2
[2,13] received from 1
[2,14] sending to 3
[3,13] received from 2
[3,14] sending to 4
[4,13] received from 3
[4,14] sending to 0
[0,14] received from 4
[0,15] sending to 1
[1,15] received from 0
[1,16] sending to 2
[2,15] received from 1
[2,16] sending to 3
[3,15] received from 2
[3,16] sending to 4
[4,15] received from 3
[4,16] sending to 0
[0,16] received from 4
[0,17] sending to 1
[1,17] received from 0
[1,18] sending to 2
[2,17] received from 1
[2,18] sending to 3
[3,17] received from 2
[3,18] sending to 4
[4,17] received from 3
[4,18] sending to 0
[0,18] received from 4
[0,19] sending to 1
[1,19] received from 0
[1,20] sending to 2
[2,19] received from 1
[2,20] sending to 3
[3,19] received from 2
[3,20] sending to 4
[4,19] received from 3
[4,20] sending to 0
[Simulator,2] sim4da Summer 2026 - simulation ended.
